Archive member included to satisfy reference by file (symbol)

c:/program files (x86)/atmel/studio/7.0/toolchain/arm/arm-gnu-toolchain/bin/../lib/gcc/arm-none-eabi/6.3.1/thumb/v6-m\libgcc.a(_fixunssfsi.o)
                              pwm.o (__aeabi_f2uiz)
c:/program files (x86)/atmel/studio/7.0/toolchain/arm/arm-gnu-toolchain/bin/../lib/gcc/arm-none-eabi/6.3.1/thumb/v6-m\libgcc.a(addsf3.o)
                              pwm.o (__aeabi_fadd)
c:/program files (x86)/atmel/studio/7.0/toolchain/arm/arm-gnu-toolchain/bin/../lib/gcc/arm-none-eabi/6.3.1/thumb/v6-m\libgcc.a(divsf3.o)
                              pwm.o (__aeabi_fdiv)
c:/program files (x86)/atmel/studio/7.0/toolchain/arm/arm-gnu-toolchain/bin/../lib/gcc/arm-none-eabi/6.3.1/thumb/v6-m\libgcc.a(subsf3.o)
                              c:/program files (x86)/atmel/studio/7.0/toolchain/arm/arm-gnu-toolchain/bin/../lib/gcc/arm-none-eabi/6.3.1/thumb/v6-m\libgcc.a(_fixunssfsi.o) (__aeabi_fsub)
c:/program files (x86)/atmel/studio/7.0/toolchain/arm/arm-gnu-toolchain/bin/../lib/gcc/arm-none-eabi/6.3.1/thumb/v6-m\libgcc.a(fixsfsi.o)
                              c:/program files (x86)/atmel/studio/7.0/toolchain/arm/arm-gnu-toolchain/bin/../lib/gcc/arm-none-eabi/6.3.1/thumb/v6-m\libgcc.a(_fixunssfsi.o) (__aeabi_f2iz)
c:/program files (x86)/atmel/studio/7.0/toolchain/arm/arm-gnu-toolchain/bin/../lib/gcc/arm-none-eabi/6.3.1/thumb/v6-m\libgcc.a(_arm_cmpsf2.o)
                              c:/program files (x86)/atmel/studio/7.0/toolchain/arm/arm-gnu-toolchain/bin/../lib/gcc/arm-none-eabi/6.3.1/thumb/v6-m\libgcc.a(_fixunssfsi.o) (__aeabi_fcmpge)
c:/program files (x86)/atmel/studio/7.0/toolchain/arm/arm-gnu-toolchain/bin/../lib/gcc/arm-none-eabi/6.3.1/thumb/v6-m\libgcc.a(_clzsi2.o)
                              c:/program files (x86)/atmel/studio/7.0/toolchain/arm/arm-gnu-toolchain/bin/../lib/gcc/arm-none-eabi/6.3.1/thumb/v6-m\libgcc.a(addsf3.o) (__clzsi2)
c:/program files (x86)/atmel/studio/7.0/toolchain/arm/arm-gnu-toolchain/bin/../lib/gcc/arm-none-eabi/6.3.1/thumb/v6-m\libgcc.a(eqsf2.o)
                              c:/program files (x86)/atmel/studio/7.0/toolchain/arm/arm-gnu-toolchain/bin/../lib/gcc/arm-none-eabi/6.3.1/thumb/v6-m\libgcc.a(_arm_cmpsf2.o) (__eqsf2)
c:/program files (x86)/atmel/studio/7.0/toolchain/arm/arm-gnu-toolchain/bin/../lib/gcc/arm-none-eabi/6.3.1/thumb/v6-m\libgcc.a(gesf2.o)
                              c:/program files (x86)/atmel/studio/7.0/toolchain/arm/arm-gnu-toolchain/bin/../lib/gcc/arm-none-eabi/6.3.1/thumb/v6-m\libgcc.a(_arm_cmpsf2.o) (__gesf2)
c:/program files (x86)/atmel/studio/7.0/toolchain/arm/arm-gnu-toolchain/bin/../lib/gcc/arm-none-eabi/6.3.1/thumb/v6-m\libgcc.a(lesf2.o)
                              c:/program files (x86)/atmel/studio/7.0/toolchain/arm/arm-gnu-toolchain/bin/../lib/gcc/arm-none-eabi/6.3.1/thumb/v6-m\libgcc.a(_arm_cmpsf2.o) (__lesf2)
c:/program files (x86)/atmel/studio/7.0/toolchain/arm/arm-gnu-toolchain/bin/../lib/gcc/arm-none-eabi/6.3.1/../../../../arm-none-eabi/lib/thumb/v6-m\libc.a(lib_a-exit.o)
                              c:/program files (x86)/atmel/studio/7.0/toolchain/arm/arm-gnu-toolchain/bin/../lib/gcc/arm-none-eabi/6.3.1/../../../../arm-none-eabi/lib/thumb/v6-m/crt0.o (exit)
c:/program files (x86)/atmel/studio/7.0/toolchain/arm/arm-gnu-toolchain/bin/../lib/gcc/arm-none-eabi/6.3.1/../../../../arm-none-eabi/lib/thumb/v6-m\libc.a(lib_a-impure.o)
                              c:/program files (x86)/atmel/studio/7.0/toolchain/arm/arm-gnu-toolchain/bin/../lib/gcc/arm-none-eabi/6.3.1/../../../../arm-none-eabi/lib/thumb/v6-m\libc.a(lib_a-exit.o) (_global_impure_ptr)
c:/program files (x86)/atmel/studio/7.0/toolchain/arm/arm-gnu-toolchain/bin/../lib/gcc/arm-none-eabi/6.3.1/../../../../arm-none-eabi/lib/thumb/v6-m\libc.a(lib_a-init.o)
                              c:/program files (x86)/atmel/studio/7.0/toolchain/arm/arm-gnu-toolchain/bin/../lib/gcc/arm-none-eabi/6.3.1/../../../../arm-none-eabi/lib/thumb/v6-m/crt0.o (__libc_init_array)
c:/program files (x86)/atmel/studio/7.0/toolchain/arm/arm-gnu-toolchain/bin/../lib/gcc/arm-none-eabi/6.3.1/../../../../arm-none-eabi/lib/thumb/v6-m\libc.a(lib_a-memset.o)
                              c:/program files (x86)/atmel/studio/7.0/toolchain/arm/arm-gnu-toolchain/bin/../lib/gcc/arm-none-eabi/6.3.1/../../../../arm-none-eabi/lib/thumb/v6-m/crt0.o (memset)
c:/program files (x86)/atmel/studio/7.0/toolchain/arm/arm-gnu-toolchain/bin/../lib/gcc/arm-none-eabi/6.3.1/../../../../arm-none-eabi/lib/thumb/v6-m\libc.a(lib_a-__call_atexit.o)
                              c:/program files (x86)/atmel/studio/7.0/toolchain/arm/arm-gnu-toolchain/bin/../lib/gcc/arm-none-eabi/6.3.1/../../../../arm-none-eabi/lib/thumb/v6-m\libc.a(lib_a-exit.o) (__call_exitprocs)
c:/program files (x86)/atmel/studio/7.0/toolchain/arm/arm-gnu-toolchain/bin/../lib/gcc/arm-none-eabi/6.3.1/../../../../arm-none-eabi/lib/thumb/v6-m\libc.a(lib_a-atexit.o)
[...]
Memory Configuration

Name             Origin             Length             Attributes
rom              0x00000000         0x00040000         xr
ram              0x20000000         0x00008000         xrw
*default*        0x00000000         0xffffffff

Linker script and memory map

LOAD c:/program files (x86)/atmel/studio/7.0/toolchain/arm/arm-gnu-toolchain/bin/../lib/gcc/arm-none-eabi/6.3.1/thumb/v6-m/crti.o
LOAD c:/program files (x86)/atmel/studio/7.0/toolchain/arm/arm-gnu-toolchain/bin/../lib/gcc/arm-none-eabi/6.3.1/thumb/v6-m/crtbegin.o
LOAD c:/program files (x86)/atmel/studio/7.0/toolchain/arm/arm-gnu-toolchain/bin/../lib/gcc/arm-none-eabi/6.3.1/../../../../arm-none-eabi/lib/thumb/v6-m/crt0.o
LOAD buttons.o
LOAD Device_Startup/startup_samd21.o
LOAD Device_Startup/system_samd21.o
LOAD main.o
LOAD pwm.o
LOAD speaker.o
START GROUP
LOAD c:/program files (x86)/atmel/studio/7.0/toolchain/arm/arm-gnu-toolchain/bin/../lib/gcc/arm-none-eabi/6.3.1/../../../../arm-none-eabi/lib/thumb/v6-m\libm.a
END GROUP
START GROUP
LOAD c:/program files (x86)/atmel/studio/7.0/toolchain/arm/arm-gnu-toolchain/bin/../lib/gcc/arm-none-eabi/6.3.1/thumb/v6-m\libgcc.a
LOAD c:/program files (x86)/atmel/studio/7.0/toolchain/arm/arm-gnu-toolchain/bin/../lib/gcc/arm-none-eabi/6.3.1/../../../../arm-none-eabi/lib/thumb/v6-m\libc.a
END GROUP
LOAD c:/program files (x86)/atmel/studio/7.0/toolchain/arm/arm-gnu-toolchain/bin/../lib/gcc/arm-none-eabi/6.3.1/thumb/v6-m/crtend.o
LOAD c:/program files (x86)/atmel/studio/7.0/toolchain/arm/arm-gnu-toolchain/bin/../lib/gcc/arm-none-eabi/6.3.1/thumb/v6-m/crtn.o
                0x00002000                STACK_SIZE = DEFINED (STACK_SIZE)?STACK_SIZE:DEFINED (__stack_size__)?__stack_size__:0x2000

.text           0x00000000      0x734
                0x00000000                . = ALIGN (0x4)
                0x00000000                _sfixed = .
 *(.vectors .vectors.*)
 .vectors       0x00000000       0xb4 Device_Startup/startup_samd21.o
                0x00000000                exception_table
 *(.text .text.* .gnu.linkonce.t.*)
 .text          0x000000b4       0x60 c:/program files (x86)/atmel/studio/7.0/toolchain/arm/arm-gnu-toolchain/bin/../lib/gcc/arm-none-eabi/6.3.1/thumb/v6-m/crtbegin.o
 .text.buttons_init
                0x00000114       0x6c buttons.o
                0x00000114                buttons_init
 .text.buttons_returnButtonValues
                0x00000180       0xbc buttons.o
                0x00000180                buttons_returnButtonValues
 .text.Dummy_Handler
                0x0000023c        0x2 Device_Startup/startup_samd21.o
                0x0000023c                SVCall_Handler
                0x0000023c                DMAC_Handler
                0x0000023c                HardFault_Handler
                0x0000023c                AC_Handler
                0x0000023c                PendSV_Handler
                0x0000023c                SERCOM1_Handler
                0x0000023c                ADC_Handler
                0x0000023c                NonMaskableInt_Handler
                0x0000023c                TCC1_Handler
                0x0000023c                SERCOM2_Handler
                0x0000023c                TCC0_Handler
                0x0000023c                RTC_Handler
                0x0000023c                EIC_Handler
                0x0000023c                WDT_Handler
                0x0000023c                TC4_Handler
                0x0000023c                USB_Handler
                0x0000023c                TC3_Handler
                0x0000023c                Dummy_Handler
                0x0000023c                PM_Handler
                0x0000023c                SERCOM5_Handler
                0x0000023c                TCC2_Handler
                0x0000023c                EVSYS_Handler
                0x0000023c                SERCOM3_Handler
                0x0000023c                SERCOM4_Handler
                0x0000023c                I2S_Handler
                0x0000023c                NVMCTRL_Handler
                0x0000023c                SERCOM0_Handler
                0x0000023c                DAC_Handler
                0x0000023c                PTC_Handler
                0x0000023c                TC5_Handler
                0x0000023c                SYSCTRL_Handler
 *fill*         0x0000023e        0x2 
 .text.Reset_Handler
                0x00000240       0xc4 Device_Startup/startup_samd21.o
                0x00000240                Reset_Handler
 .text.SystemInit
                0x00000304      0x198 Device_Startup/system_samd21.o
                0x00000304                SystemInit
 .text.main_return_millis
                0x0000049c       0x10 main.o
                0x0000049c                main_return_millis
 .text.main     0x000004ac       0xb0 main.o
                0x000004ac                main
 .text.SysTick_Handler
                0x0000055c       0x10 main.o
                0x0000055c                SysTick_Handler
 .text.__libc_init_array
                0x0000056c       0x48 c:/program files (x86)/atmel/studio/7.0/toolchain/arm/arm-gnu-toolchain/bin/../lib/gcc/arm-none-eabi/6.3.1/../../../../arm-none-eabi/lib/thumb/v6-m\libc.a(lib_a-init.o)
                0x0000056c                __libc_init_array
 .text.startup.register_fini
                0x000005b4       0x18 c:/program files (x86)/atmel/studio/7.0/toolchain/arm/arm-gnu-toolchain/bin/../lib/gcc/arm-none-eabi/6.3.1/../../../../arm-none-eabi/lib/thumb/v6-m\libc.a(lib_a-__call_atexit.o)
 .text.atexit   0x000005cc       0x10 c:/program files (x86)/atmel/studio/7.0/toolchain/arm/arm-gnu-toolchain/bin/../lib/gcc/arm-none-eabi/6.3.1/../../../../arm-none-eabi/lib/thumb/v6-m\libc.a(lib_a-atexit.o)
                0x000005cc                atexit
 .text.__libc_fini_array
                0x000005dc       0x34 c:/program files (x86)/atmel/studio/7.0/toolchain/arm/arm-gnu-toolchain/bin/../lib/gcc/arm-none-eabi/6.3.1/../../../../arm-none-eabi/lib/thumb/v6-m\libc.a(lib_a-fini.o)
                0x000005dc                __libc_fini_array
 .text.__retarget_lock_acquire_recursive
                0x00000610        0x4 c:/program files (x86)/atmel/studio/7.0/toolchain/arm/arm-gnu-toolchain/bin/../lib/gcc/arm-none-eabi/6.3.1/../../../../arm-none-eabi/lib/thumb/v6-m\libc.a(lib_a-lock.o)
                0x00000610                __retarget_lock_acquire_recursive
 .text.__retarget_lock_release_recursive
                0x00000614        0x4 c:/program files (x86)/atmel/studio/7.0/toolchain/arm/arm-gnu-toolchain/bin/../lib/gcc/arm-none-eabi/6.3.1/../../../../arm-none-eabi/lib/thumb/v6-m\libc.a(lib_a-lock.o)
                0x00000614                __retarget_lock_release_recursive
 .text.__register_exitproc
                0x00000618       0xf4 c:/program files (x86)/atmel/studio/7.0/toolchain/arm/arm-gnu-toolchain/bin/../lib/gcc/arm-none-eabi/6.3.1/../../../../arm-none-eabi/lib/thumb/v6-m\libc.a(lib_a-__atexit.o)
                0x00000618                __register_exitproc
 *(.glue_7t)
 .glue_7t       0x0000070c        0x0 linker stubs
 *(.glue_7)
 .glue_7        0x0000070c        0x0 linker stubs
 *(.rodata .rodata* .gnu.linkonce.r.*)
 .rodata._global_impure_ptr
                0x0000070c        0x4 c:/program files (x86)/atmel/studio/7.0/toolchain/arm/arm-gnu-toolchain/bin/../lib/gcc/arm-none-eabi/6.3.1/../../../../arm-none-eabi/lib/thumb/v6-m\libc.a(lib_a-impure.o)
                0x0000070c                _global_impure_ptr
 *(.ARM.extab* .gnu.linkonce.armextab.*)
                0x00000710                . = ALIGN (0x4)
 *(.init)
 .init          0x00000710        0x4 c:/program files (x86)/atmel/studio/7.0/toolchain/arm/arm-gnu-toolchain/bin/../lib/gcc/arm-none-eabi/6.3.1/thumb/v6-m/crti.o
                0x00000710                _init
 .init          0x00000714        0x8 c:/program files (x86)/atmel/studio/7.0/toolchain/arm/arm-gnu-toolchain/bin/../lib/gcc/arm-none-eabi/6.3.1/thumb/v6-m/crtn.o
                0x0000071c                . = ALIGN (0x4)
                0x0000071c                __preinit_array_start = .
 *(.preinit_array)
                0x0000071c                __preinit_array_end = .
                0x0000071c                . = ALIGN (0x4)
                0x0000071c                __init_array_start = .
 *(SORT(.init_array.*))
 .init_array.00000
                0x0000071c        0x4 c:/program files (x86)/atmel/studio/7.0/toolchain/arm/arm-gnu-toolchain/bin/../lib/gcc/arm-none-eabi/6.3.1/../../../../arm-none-eabi/lib/thumb/v6-m\libc.a(lib_a-__call_atexit.o)
 *(.init_array)
 .init_array    0x00000720        0x4 c:/program files (x86)/atmel/studio/7.0/toolchain/arm/arm-gnu-toolchain/bin/../lib/gcc/arm-none-eabi/6.3.1/thumb/v6-m/crtbegin.o
                0x00000724                __init_array_end = .
                0x00000724                . = ALIGN (0x4)
 *crtbegin.o(.ctors)
 *(EXCLUDE_FILE(*crtend.o) .ctors)
 *(SORT(.ctors.*))
 *crtend.o(.ctors)
                0x00000724                . = ALIGN (0x4)
 *(.fini)
 .fini          0x00000724        0x4 c:/program files (x86)/atmel/studio/7.0/toolchain/arm/arm-gnu-toolchain/bin/../lib/gcc/arm-none-eabi/6.3.1/thumb/v6-m/crti.o
                0x00000724                _fini
 .fini          0x00000728        0x8 c:/program files (x86)/atmel/studio/7.0/toolchain/arm/arm-gnu-toolchain/bin/../lib/gcc/arm-none-eabi/6.3.1/thumb/v6-m/crtn.o
                0x00000730                . = ALIGN (0x4)
                0x00000730                __fini_array_start = .
 *(.fini_array)
 .fini_array    0x00000730        0x4 c:/program files (x86)/atmel/studio/7.0/toolchain/arm/arm-gnu-toolchain/bin/../lib/gcc/arm-none-eabi/6.3.1/thumb/v6-m/crtbegin.o
 *(SORT(.fini_array.*))
                0x00000734                __fini_array_end = .
 *crtbegin.o(.dtors)
 *(EXCLUDE_FILE(*crtend.o) .dtors)
 *(SORT(.dtors.*))
 *crtend.o(.dtors)
                0x00000734                . = ALIGN (0x4)
                0x00000734                _efixed = .
                [!provide]                PROVIDE (__exidx_start, .)

.vfp11_veneer   0x00000734        0x0
 .vfp11_veneer  0x00000734        0x0 linker stubs

.v4_bx          0x00000734        0x0
 .v4_bx         0x00000734        0x0 linker stubs

.iplt           0x00000734        0x0
 .iplt          0x00000734        0x0 c:/program files (x86)/atmel/studio/7.0/toolchain/arm/arm-gnu-toolchain/bin/../lib/gcc/arm-none-eabi/6.3.1/thumb/v6-m/crtbegin.o

.eh_frame       0x00000734        0x0
 .eh_frame      0x00000734        0x0 c:/program files (x86)/atmel/studio/7.0/toolchain/arm/arm-gnu-toolchain/bin/../lib/gcc/arm-none-eabi/6.3.1/thumb/v6-m/crtbegin.o

.rel.dyn        0x00000734        0x0
 .rel.iplt      0x00000734        0x0 c:/program files (x86)/atmel/studio/7.0/toolchain/arm/arm-gnu-toolchain/bin/../lib/gcc/arm-none-eabi/6.3.1/thumb/v6-m/crtbegin.o

.jcr            0x00000734        0x0
 .jcr           0x00000734        0x0 c:/program files (x86)/atmel/studio/7.0/toolchain/arm/arm-gnu-toolchain/bin/../lib/gcc/arm-none-eabi/6.3.1/thumb/v6-m/crtbegin.o

.igot.plt       0x00000734        0x0
 .igot.plt      0x00000734        0x0 c:/program files (x86)/atmel/studio/7.0/toolchain/arm/arm-gnu-toolchain/bin/../lib/gcc/arm-none-eabi/6.3.1/thumb/v6-m/crtbegin.o

.ARM.exidx
 *(.ARM.exidx* .gnu.linkonce.armexidx.*)
                [!provide]                PROVIDE (__exidx_end, .)
                0x00000734                . = ALIGN (0x4)
                0x00000734                _etext = .

.relocate       0x20000000      0x434 load address 0x00000734
                0x20000000                . = ALIGN (0x4)
                0x20000000                _srelocate = .
 *(.ramfunc .ramfunc.*)
 *(.data .data.*)
 .data          0x20000000        0x4 Device_Startup/system_samd21.o
                0x20000000                SystemCoreClock
 *fill*         0x20000004        0x4 
 .data.impure_data
                0x20000008      0x428 c:/program files (x86)/atmel/studio/7.0/toolchain/arm/arm-gnu-toolchain/bin/../lib/gcc/arm-none-eabi/6.3.1/../../../../arm-none-eabi/lib/thumb/v6-m\libc.a(lib_a-impure.o)
 .data.__atexit_recursive_mutex
                0x20000430        0x4 c:/program files (x86)/atmel/studio/7.0/toolchain/arm/arm-gnu-toolchain/bin/../lib/gcc/arm-none-eabi/6.3.1/../../../../arm-none-eabi/lib/thumb/v6-m\libc.a(lib_a-__call_atexit.o)
                0x20000430                __atexit_recursive_mutex
                0x20000434                . = ALIGN (0x4)
                0x20000434                _erelocate = .

.bss            0x20000434       0x78 load address 0x00000b68
                0x20000434                . = ALIGN (0x4)
                0x20000434                _sbss = .
                0x20000434                _szero = .
 *(.bss .bss.*)
 .bss           0x20000434       0x1c c:/program files (x86)/atmel/studio/7.0/toolchain/arm/arm-gnu-toolchain/bin/../lib/gcc/arm-none-eabi/6.3.1/thumb/v6-m/crtbegin.o
 .bss           0x20000450        0x2 buttons.o
                0x20000450                PB09_high
                0x20000451                PA04_high
 .bss           0x20000452        0x2 main.o
                0x20000452                state_now
                0x20000453                next_state
 *(COMMON)
 COMMON         0x20000454        0x8 buttons.o
                0x20000454                joystick_pressed
                0x20000455                btnActive
                0x20000456                old_joystick_state
                0x20000457                which_button_pressed
                0x20000458                yValue_jstck
 COMMON         0x2000045c       0x2c main.o
                0x2000045c                buttonValue
                0x20000460                main_old_time
                0x20000464                notes_index
                0x20000468                delayPause_oldTime
                0x2000046c                delayPause_newTime
                0x20000470                sim_notes
                0x20000480                main_new_time
                0x20000484                millis
 COMMON         0x20000488       0x21 c:/program files (x86)/atmel/studio/7.0/toolchain/arm/arm-gnu-toolchain/bin/../lib/gcc/arm-none-eabi/6.3.1/../../../../arm-none-eabi/lib/thumb/v6-m\libc.a(lib_a-lock.o)
                0x20000488                __lock___atexit_recursive_mutex
                0x2000048c                __lock___arc4random_mutex
                0x20000490                __lock___env_recursive_mutex
                0x20000494                __lock___sinit_recursive_mutex
                0x20000498                __lock___malloc_recursive_mutex
                0x2000049c                __lock___at_quick_exit_mutex
                0x200004a0                __lock___dd_hash_mutex
                0x200004a4                __lock___tz_mutex
                0x200004a8                __lock___sfp_recursive_mutex
                0x200004ac                . = ALIGN (0x4)
 *fill*         0x200004a9        0x3 
                0x200004ac                _ebss = .
                0x200004ac                _ezero = .

.stack          0x200004ac     0x2004 load address 0x00000be0
                0x200004b0                . = ALIGN (0x8)
 *fill*         0x200004ac        0x4 
                0x200004b0                _sstack = .
                0x200024b0                . = (. + STACK_SIZE)
 *fill*         0x200004b0     0x2000 
                0x200024b0                . = ALIGN (0x8)
                0x200024b0                _estack = .
                0x200024b0                . = ALIGN (0x4)
                0x200024b0                _end = .
OUTPUT(Program10_1.elf elf32-littlearm)

.ARM.attributes
                0x00000000       0x28
 .ARM.attributes
                0x00000000       0x1e c:/program files (x86)/atmel/studio/7.0/toolchain/arm/arm-gnu-toolchain/bin/../lib/gcc/arm-none-eabi/6.3.1/thumb/v6-m/crti.o
 .ARM.attributes
                0x0000001e       0x2c c:/program files (x86)/atmel/studio/7.0/toolchain/arm/arm-gnu-toolchain/bin/../lib/gcc/arm-none-eabi/6.3.1/thumb/v6-m/crtbegin.o
 .ARM.attributes
                0x0000004a       0x32 buttons.o
 .ARM.attributes
                0x0000007c       0x32 Device_Startup/startup_samd21.o
 .ARM.attributes
                0x000000ae       0x32 Device_Startup/system_samd21.o
 .ARM.attributes
                0x000000e0       0x32 main.o
 .ARM.attributes
                0x00000112       0x2c c:/program files (x86)/atmel/studio/7.0/toolchain/arm/arm-gnu-toolchain/bin/../lib/gcc/arm-none-eabi/6.3.1/../../../../arm-none-eabi/lib/thumb/v6-m\libc.a(lib_a-impure.o)
 .ARM.attributes
                0x0000013e       0x2c c:/program files (x86)/atmel/studio/7.0/toolchain/arm/arm-gnu-toolchain/bin/../lib/gcc/arm-none-eabi/6.3.1/../../../../arm-none-eabi/lib/thumb/v6-m\libc.a(lib_a-init.o)
 .ARM.attributes
                0x0000016a       0x2c c:/program files (x86)/atmel/studio/7.0/toolchain/arm/arm-gnu-toolchain/bin/../lib/gcc/arm-none-eabi/6.3.1/../../../../arm-none-eabi/lib/thumb/v6-m\libc.a(lib_a-__call_atexit.o)
 .ARM.attributes
                0x00000196       0x2c c:/program files (x86)/atmel/studio/7.0/toolchain/arm/arm-gnu-toolchain/bin/../lib/gcc/arm-none-eabi/6.3.1/../../../../arm-none-eabi/lib/thumb/v6-m\libc.a(lib_a-atexit.o)
 .ARM.attributes
                0x000001c2       0x2c c:/program files (x86)/atmel/studio/7.0/toolchain/arm/arm-gnu-toolchain/bin/../lib/gcc/arm-none-eabi/6.3.1/../../../../arm-none-eabi/lib/thumb/v6-m\libc.a(lib_a-fini.o)
 .ARM.attributes
                0x000001ee       0x2c c:/program files (x86)/atmel/studio/7.0/toolchain/arm/arm-gnu-toolchain/bin/../lib/gcc/arm-none-eabi/6.3.1/../../../../arm-none-eabi/lib/thumb/v6-m\libc.a(lib_a-lock.o)
 .ARM.attributes
                0x0000021a       0x2c c:/program files (x86)/atmel/studio/7.0/toolchain/arm/arm-gnu-toolchain/bin/../lib/gcc/arm-none-eabi/6.3.1/../../../../arm-none-eabi/lib/thumb/v6-m\libc.a(lib_a-__atexit.o)
 .ARM.attributes
                0x00000246       0x1e c:/program files (x86)/atmel/studio/7.0/toolchain/arm/arm-gnu-toolchain/bin/../lib/gcc/arm-none-eabi/6.3.1/thumb/v6-m/crtn.o

.comment        0x00000000       0x59
 .comment       0x00000000       0x59 buttons.o
                                 0x5a (size before relaxing)
 .comment       0x00000059       0x5a Device_Startup/startup_samd21.o
 .comment       0x00000059       0x5a Device_Startup/system_samd21.o
 .comment       0x00000059       0x5a main.o

.debug_info     0x00000000     0x744b
 .debug_info    0x00000000      0x7ff buttons.o
 .debug_info    0x000007ff     0x3a2c Device_Startup/startup_samd21.o
 .debug_info    0x0000422b     0x2b02 Device_Startup/system_samd21.o
 .debug_info    0x00006d2d      0x71e main.o

.debug_abbrev   0x00000000      0x77a
 .debug_abbrev  0x00000000      0x18b buttons.o
 .debug_abbrev  0x0000018b      0x227 Device_Startup/startup_samd21.o
 .debug_abbrev  0x000003b2      0x184 Device_Startup/system_samd21.o
 .debug_abbrev  0x00000536      0x244 main.o

.debug_loc      0x00000000      0x1f2
 .debug_loc     0x00000000       0x20 buttons.o
 .debug_loc     0x00000020       0x78 Device_Startup/startup_samd21.o
 .debug_loc     0x00000098       0x8b Device_Startup/system_samd21.o
 .debug_loc     0x00000123       0xcf main.o

.debug_aranges  0x00000000       0xc8
 .debug_aranges
                0x00000000       0x38 buttons.o
 .debug_aranges
                0x00000038       0x28 Device_Startup/startup_samd21.o
 .debug_aranges
                0x00000060       0x28 Device_Startup/system_samd21.o
 .debug_aranges
                0x00000088       0x40 main.o

.debug_ranges   0x00000000       0x88
 .debug_ranges  0x00000000       0x28 buttons.o
 .debug_ranges  0x00000028       0x18 Device_Startup/startup_samd21.o
 .debug_ranges  0x00000040       0x18 Device_Startup/system_samd21.o
 .debug_ranges  0x00000058       0x30 main.o

.debug_macro    0x00000000    0x1113e
 .debug_macro   0x00000000      0x2fc buttons.o
 .debug_macro   0x000002fc      0x8a4 buttons.o
 .debug_macro   0x00000ba0       0x22 buttons.o
 .debug_macro   0x00000bc2       0x87 buttons.o
 .debug_macro   0x00000c49       0x51 buttons.o
 .debug_macro   0x00000c9a       0xef buttons.o
 .debug_macro   0x00000d89       0x6a buttons.o
 .debug_macro   0x00000df3      0x1df buttons.o
 .debug_macro   0x00000fd2       0x22 buttons.o
 .debug_macro   0x00000ff4       0x3f buttons.o
 .debug_macro   0x00001033       0x3a buttons.o
 .debug_macro   0x0000106d       0x1f buttons.o
 .debug_macro   0x0000108c      0x250 buttons.o
 .debug_macro   0x000012dc      0x67e buttons.o
 .debug_macro   0x0000195a      0x8b1 buttons.o
 .debug_macro   0x0000220b      0x22e buttons.o
 .debug_macro   0x00002439      0xd5c buttons.o
 .debug_macro   0x00003195      0x4dc buttons.o
 .debug_macro   0x00003671      0x9f6 buttons.o
 .debug_macro   0x00004067      0x82b buttons.o
 .debug_macro   0x00004892      0x45f buttons.o
 .debug_macro   0x00004cf1       0x5e buttons.o
 .debug_macro   0x00004d4f      0x8f9 buttons.o
 .debug_macro   0x00005648      0x21c buttons.o
 .debug_macro   0x00005864      0x735 buttons.o
 .debug_macro   0x00005f99       0x5e buttons.o
 .debug_macro   0x00005ff7      0x632 buttons.o
 .debug_macro   0x00006629      0x3ac buttons.o
 .debug_macro   0x000069d5      0xc76 buttons.o
 .debug_macro   0x0000764b     0x1092 buttons.o
 .debug_macro   0x000086dd      0xc4a buttons.o
 .debug_macro   0x00009327      0x6ba buttons.o
 .debug_macro   0x000099e1     0x1b3d buttons.o
 .debug_macro   0x0000b51e     0x143c buttons.o
 .debug_macro   0x0000c95a      0x340 buttons.o
 .debug_macro   0x0000cc9a       0x7c buttons.o
 .debug_macro   0x0000cd16       0xa0 buttons.o
 .debug_macro   0x0000cdb6       0x4c buttons.o
 .debug_macro   0x0000ce02       0xca buttons.o
 .debug_macro   0x0000cecc       0x94 buttons.o
 .debug_macro   0x0000cf60       0x58 buttons.o
 .debug_macro   0x0000cfb8      0x341 buttons.o
 .debug_macro   0x0000d2f9       0x82 buttons.o
 .debug_macro   0x0000d37b      0x189 buttons.o
 .debug_macro   0x0000d504       0xb8 buttons.o
 .debug_macro   0x0000d5bc       0xa0 buttons.o
 .debug_macro   0x0000d65c       0xb2 buttons.o
 .debug_macro   0x0000d70e       0x1c buttons.o
 .debug_macro   0x0000d72a       0x1c buttons.o
 .debug_macro   0x0000d746       0x1c buttons.o
 .debug_macro   0x0000d762       0x7c buttons.o
 .debug_macro   0x0000d7de      0x15a buttons.o
 .debug_macro   0x0000d938       0x10 buttons.o
 .debug_macro   0x0000d948       0xdc buttons.o
 .debug_macro   0x0000da24      0x124 buttons.o
 .debug_macro   0x0000db48      0x124 buttons.o
 .debug_macro   0x0000dc6c      0x124 buttons.o
 .debug_macro   0x0000dd90      0x124 buttons.o
 .debug_macro   0x0000deb4      0x124 buttons.o
 .debug_macro   0x0000dfd8      0x124 buttons.o
 .debug_macro   0x0000e0fc      0x124 buttons.o
 .debug_macro   0x0000e220       0xe2 buttons.o
 .debug_macro   0x0000e302       0xe2 buttons.o
 .debug_macro   0x0000e3e4       0xe2 buttons.o
 .debug_macro   0x0000e4c6      0x12a buttons.o
 .debug_macro   0x0000e5f0      0x100 buttons.o
 .debug_macro   0x0000e6f0       0xf4 buttons.o
 .debug_macro   0x0000e7e4      0x40f buttons.o
 .debug_macro   0x0000ebf3       0x40 buttons.o
 .debug_macro   0x0000ec33      0x376 buttons.o
 .debug_macro   0x0000efa9     0x17df buttons.o
 .debug_macro   0x00010788       0x6d buttons.o
 .debug_macro   0x000107f5      0x2ef Device_Startup/startup_samd21.o
 .debug_macro   0x00010ae4       0x39 Device_Startup/startup_samd21.o
 .debug_macro   0x00010b1d      0x31f Device_Startup/system_samd21.o
 .debug_macro   0x00010e3c      0x302 main.o

.debug_line     0x00000000     0x1c7d
 .debug_line    0x00000000      0x70f buttons.o
 .debug_line    0x0000070f      0x6e2 Device_Startup/startup_samd21.o
 .debug_line    0x00000df1      0x73f Device_Startup/system_samd21.o
 .debug_line    0x00001530      0x74d main.o

.debug_str      0x00000000    0x6e3ab
 .debug_str     0x00000000    0x6c557 buttons.o
                              0x6c8a9 (size before relaxing)
 .debug_str     0x0006c557     0x10b0 Device_Startup/startup_samd21.o
                              0x6d78c (size before relaxing)
 .debug_str     0x0006d607      0xa5b Device_Startup/system_samd21.o
                              0x6d220 (size before relaxing)
 .debug_str     0x0006e062      0x349 main.o
                              0x6ca01 (size before relaxing)

.debug_frame    0x00000000      0x304
 .debug_frame   0x00000000       0x5c buttons.o
 .debug_frame   0x0000005c       0x40 Device_Startup/startup_samd21.o
 .debug_frame   0x0000009c       0x30 Device_Startup/system_samd21.o
 .debug_frame   0x000000cc       0x78 main.o
 .debug_frame   0x00000144       0x2c c:/program files (x86)/atmel/studio/7.0/toolchain/arm/arm-gnu-toolchain/bin/../lib/gcc/arm-none-eabi/6.3.1/../../../../arm-none-eabi/lib/thumb/v6-m\libc.a(lib_a-init.o)
 .debug_frame   0x00000170       0x54 c:/program files (x86)/atmel/studio/7.0/toolchain/arm/arm-gnu-toolchain/bin/../lib/gcc/arm-none-eabi/6.3.1/../../../../arm-none-eabi/lib/thumb/v6-m\libc.a(lib_a-__call_atexit.o)
 .debug_frame   0x000001c4       0x28 c:/program files (x86)/atmel/studio/7.0/toolchain/arm/arm-gnu-toolchain/bin/../lib/gcc/arm-none-eabi/6.3.1/../../../../arm-none-eabi/lib/thumb/v6-m\libc.a(lib_a-atexit.o)
 .debug_frame   0x000001ec       0x2c c:/program files (x86)/atmel/studio/7.0/toolchain/arm/arm-gnu-toolchain/bin/../lib/gcc/arm-none-eabi/6.3.1/../../../../arm-none-eabi/lib/thumb/v6-m\libc.a(lib_a-fini.o)
 .debug_frame   0x00000218       0xb0 c:/program files (x86)/atmel/studio/7.0/toolchain/arm/arm-gnu-toolchain/bin/../lib/gcc/arm-none-eabi/6.3.1/../../../../arm-none-eabi/lib/thumb/v6-m\libc.a(lib_a-lock.o)
 .debug_frame   0x000002c8       0x3c c:/program files (x86)/atmel/studio/7.0/toolchain/arm/arm-gnu-toolchain/bin/../lib/gcc/arm-none-eabi/6.3.1/../../../../arm-none-eabi/lib/thumb/v6-m\libc.a(lib_a-__atexit.o)
