Archive member included to satisfy reference by file (symbol)

c:/program files (x86)/atmel/studio/7.0/toolchain/arm/arm-gnu-toolchain/bin/../lib/gcc/arm-none-eabi/6.3.1/thumb/v6-m\libgcc.a(_fixunssfsi.o)
                              main.o (__aeabi_f2uiz)
c:/program files (x86)/atmel/studio/7.0/toolchain/arm/arm-gnu-toolchain/bin/../lib/gcc/arm-none-eabi/6.3.1/thumb/v6-m\libgcc.a(addsf3.o)
                              pwm.o (__aeabi_fadd)
c:/program files (x86)/atmel/studio/7.0/toolchain/arm/arm-gnu-toolchain/bin/../lib/gcc/arm-none-eabi/6.3.1/thumb/v6-m\libgcc.a(divsf3.o)
                              pwm.o (__aeabi_fdiv)
c:/program files (x86)/atmel/studio/7.0/toolchain/arm/arm-gnu-toolchain/bin/../lib/gcc/arm-none-eabi/6.3.1/thumb/v6-m\libgcc.a(subsf3.o)
                              c:/program files (x86)/atmel/studio/7.0/toolchain/arm/arm-gnu-toolchain/bin/../lib/gcc/arm-none-eabi/6.3.1/thumb/v6-m\libgcc.a(_fixunssfsi.o) (__aeabi_fsub)
c:/program files (x86)/atmel/studio/7.0/toolchain/arm/arm-gnu-toolchain/bin/../lib/gcc/arm-none-eabi/6.3.1/thumb/v6-m\libgcc.a(fixsfsi.o)
                              c:/program files (x86)/atmel/studio/7.0/toolchain/arm/arm-gnu-toolchain/bin/../lib/gcc/arm-none-eabi/6.3.1/thumb/v6-m\libgcc.a(_fixunssfsi.o) (__aeabi_f2iz)
c:/program files (x86)/atmel/studio/7.0/toolchain/arm/arm-gnu-toolchain/bin/../lib/gcc/arm-none-eabi/6.3.1/thumb/v6-m\libgcc.a(floatunsisf.o)
                              main.o (__aeabi_ui2f)
c:/program files (x86)/atmel/studio/7.0/toolchain/arm/arm-gnu-toolchain/bin/../lib/gcc/arm-none-eabi/6.3.1/thumb/v6-m\libgcc.a(_arm_cmpsf2.o)
                              c:/program files (x86)/atmel/studio/7.0/toolchain/arm/arm-gnu-toolchain/bin/../lib/gcc/arm-none-eabi/6.3.1/thumb/v6-m\libgcc.a(_fixunssfsi.o) (__aeabi_fcmpge)
c:/program files (x86)/atmel/studio/7.0/toolchain/arm/arm-gnu-toolchain/bin/../lib/gcc/arm-none-eabi/6.3.1/thumb/v6-m\libgcc.a(_clzsi2.o)
                              c:/program files (x86)/atmel/studio/7.0/toolchain/arm/arm-gnu-toolchain/bin/../lib/gcc/arm-none-eabi/6.3.1/thumb/v6-m\libgcc.a(addsf3.o) (__clzsi2)
c:/program files (x86)/atmel/studio/7.0/toolchain/arm/arm-gnu-toolchain/bin/../lib/gcc/arm-none-eabi/6.3.1/thumb/v6-m\libgcc.a(eqsf2.o)
                              c:/program files (x86)/atmel/studio/7.0/toolchain/arm/arm-gnu-toolchain/bin/../lib/gcc/arm-none-eabi/6.3.1/thumb/v6-m\libgcc.a(_arm_cmpsf2.o) (__eqsf2)
c:/program files (x86)/atmel/studio/7.0/toolchain/arm/arm-gnu-toolchain/bin/../lib/gcc/arm-none-eabi/6.3.1/thumb/v6-m\libgcc.a(gesf2.o)
                              c:/program files (x86)/atmel/studio/7.0/toolchain/arm/arm-gnu-toolchain/bin/../lib/gcc/arm-none-eabi/6.3.1/thumb/v6-m\libgcc.a(_arm_cmpsf2.o) (__gesf2)
c:/program files (x86)/atmel/studio/7.0/toolchain/arm/arm-gnu-toolchain/bin/../lib/gcc/arm-none-eabi/6.3.1/thumb/v6-m\libgcc.a(lesf2.o)
                              c:/program files (x86)/atmel/studio/7.0/toolchain/arm/arm-gnu-toolchain/bin/../lib/gcc/arm-none-eabi/6.3.1/thumb/v6-m\libgcc.a(_arm_cmpsf2.o) (__lesf2)
c:/program files (x86)/atmel/studio/7.0/toolchain/arm/arm-gnu-toolchain/bin/../lib/gcc/arm-none-eabi/6.3.1/../../../../arm-none-eabi/lib/thumb/v6-m\libc.a(lib_a-exit.o)
                              c:/program files (x86)/atmel/studio/7.0/toolchain/arm/arm-gnu-toolchain/bin/../lib/gcc/arm-none-eabi/6.3.1/../../../../arm-none-eabi/lib/thumb/v6-m/crt0.o (exit)
c:/program files (x86)/atmel/studio/7.0/toolchain/arm/arm-gnu-toolchain/bin/../lib/gcc/arm-none-eabi/6.3.1/../../../../arm-none-eabi/lib/thumb/v6-m\libc.a(lib_a-impure.o)
                              c:/program files (x86)/atmel/studio/7.0/toolchain/arm/arm-gnu-toolchain/bin/../lib/gcc/arm-none-eabi/6.3.1/../../../../arm-none-eabi/lib/thumb/v6-m\libc.a(lib_a-exit.o) (_global_impure_ptr)
c:/program files (x86)/atmel/studio/7.0/toolchain/arm/arm-gnu-toolchain/bin/../lib/gcc/arm-none-eabi/6.3.1/../../../../arm-none-eabi/lib/thumb/v6-m\libc.a(lib_a-init.o)
                              c:/program files (x86)/atmel/studio/7.0/toolchain/arm/arm-gnu-toolchain/bin/../lib/gcc/arm-none-eabi/6.3.1/../../../../arm-none-eabi/lib/thumb/v6-m/crt0.o (__libc_init_array)
c:/program files (x86)/atmel/studio/7.0/toolchain/arm/arm-gnu-toolchain/bin/../lib/gcc/arm-none-eabi/6.3.1/../../../../arm-none-eabi/lib/thumb/v6-m\libc.a(lib_a-memset.o)
                              c:/program files (x86)/atmel/studio/7.0/toolchain/arm/arm-gnu-toolchain/bin/../lib/gcc/arm-none-eabi/6.3.1/../../../../arm-none-eabi/lib/thumb/v6-m/crt0.o (memset)
c:/program files (x86)/atmel/studio/7.0/toolchain/arm/arm-gnu-toolchain/bin/../lib/gcc/arm-none-eabi/6.3.1/../../../../arm-none-eabi/lib/thumb/v6-m\libc.a(lib_a-__call_atexit.o)
                              c:/program files (x86)/atmel/studio/7.0/toolchain/arm/arm-gnu-toolchain/bin/../lib/gcc/arm-none-eabi/6.3.1/../../../../arm-none-eabi/lib/thumb/v6-m\libc.a(lib_a-exit.o) (__call_exitprocs)
[...]
Memory Configuration

Name             Origin             Length             Attributes
rom              0x00000000         0x00040000         xr
ram              0x20000000         0x00008000         xrw
*default*        0x00000000         0xffffffff

Linker script and memory map

LOAD c:/program files (x86)/atmel/studio/7.0/toolchain/arm/arm-gnu-toolchain/bin/../lib/gcc/arm-none-eabi/6.3.1/thumb/v6-m/crti.o
LOAD c:/program files (x86)/atmel/studio/7.0/toolchain/arm/arm-gnu-toolchain/bin/../lib/gcc/arm-none-eabi/6.3.1/thumb/v6-m/crtbegin.o
LOAD c:/program files (x86)/atmel/studio/7.0/toolchain/arm/arm-gnu-toolchain/bin/../lib/gcc/arm-none-eabi/6.3.1/../../../../arm-none-eabi/lib/thumb/v6-m/crt0.o
LOAD buttons.o
LOAD counter.o
LOAD Device_Startup/startup_samd21.o
LOAD Device_Startup/system_samd21.o
LOAD event.o
LOAD led.o
LOAD main.o
LOAD pwm.o
LOAD speaker.o
LOAD spi.o
LOAD timer.o
START GROUP
LOAD c:/program files (x86)/atmel/studio/7.0/toolchain/arm/arm-gnu-toolchain/bin/../lib/gcc/arm-none-eabi/6.3.1/../../../../arm-none-eabi/lib/thumb/v6-m\libm.a
END GROUP
START GROUP
LOAD c:/program files (x86)/atmel/studio/7.0/toolchain/arm/arm-gnu-toolchain/bin/../lib/gcc/arm-none-eabi/6.3.1/thumb/v6-m\libgcc.a
LOAD c:/program files (x86)/atmel/studio/7.0/toolchain/arm/arm-gnu-toolchain/bin/../lib/gcc/arm-none-eabi/6.3.1/../../../../arm-none-eabi/lib/thumb/v6-m\libc.a
END GROUP
LOAD c:/program files (x86)/atmel/studio/7.0/toolchain/arm/arm-gnu-toolchain/bin/../lib/gcc/arm-none-eabi/6.3.1/thumb/v6-m/crtend.o
LOAD c:/program files (x86)/atmel/studio/7.0/toolchain/arm/arm-gnu-toolchain/bin/../lib/gcc/arm-none-eabi/6.3.1/thumb/v6-m/crtn.o
                0x00002000                STACK_SIZE = DEFINED (STACK_SIZE)?STACK_SIZE:DEFINED (__stack_size__)?__stack_size__:0x2000

.text           0x00000000     0x1cb0
                0x00000000                . = ALIGN (0x4)
                0x00000000                _sfixed = .
 *(.vectors .vectors.*)
 .vectors       0x00000000       0xb4 Device_Startup/startup_samd21.o
                0x00000000                exception_table
 *(.text .text.* .gnu.linkonce.t.*)
 .text          0x000000b4       0x60 c:/program files (x86)/atmel/studio/7.0/toolchain/arm/arm-gnu-toolchain/bin/../lib/gcc/arm-none-eabi/6.3.1/thumb/v6-m/crtbegin.o
 .text.buttons_init
                0x00000114       0x6c buttons.o
                0x00000114                buttons_init
 .text.buttons_returnButtonValues
                0x00000180       0xbc buttons.o
                0x00000180                buttons_returnButtonValues
 .text.counter_set
                0x0000023c       0x18 counter.o
                0x0000023c                counter_set
 .text.counter_enable
                0x00000254       0x18 counter.o
                0x00000254                counter_enable
 .text.counter_disable
                0x0000026c       0x18 counter.o
                0x0000026c                counter_disable
 .text.counter_init
                0x00000284       0x8c counter.o
                0x00000284                counter_init
 .text.counter_get_blankFlag
                0x00000310        0xc counter.o
                0x00000310                counter_get_blankFlag
 .text.counter_clear_blank_flag
                0x0000031c        0xc counter.o
                0x0000031c                counter_clear_blank_flag
 .text.TC3_Handler
                0x00000328       0x30 counter.o
                0x00000328                TC3_Handler
 .text.Dummy_Handler
                0x00000358        0x2 Device_Startup/startup_samd21.o
                0x00000358                SVCall_Handler
                0x00000358                DMAC_Handler
                0x00000358                HardFault_Handler
                0x00000358                AC_Handler
                0x00000358                PendSV_Handler
                0x00000358                SERCOM1_Handler
                0x00000358                ADC_Handler
                0x00000358                NonMaskableInt_Handler
                0x00000358                TCC1_Handler
                0x00000358                SERCOM2_Handler
                0x00000358                TCC0_Handler
                0x00000358                RTC_Handler
                0x00000358                EIC_Handler
                0x00000358                WDT_Handler
                0x00000358                TC4_Handler
                0x00000358                USB_Handler
                0x00000358                Dummy_Handler
                0x00000358                PM_Handler
                0x00000358                SERCOM5_Handler
                0x00000358                TCC2_Handler
                0x00000358                EVSYS_Handler
                0x00000358                SERCOM3_Handler
                0x00000358                I2S_Handler
                0x00000358                NVMCTRL_Handler
                0x00000358                SERCOM0_Handler
                0x00000358                DAC_Handler
                0x00000358                PTC_Handler
                0x00000358                TC5_Handler
                0x00000358                SYSCTRL_Handler
 *fill*         0x0000035a        0x2 
 .text.Reset_Handler
                0x0000035c       0xc4 Device_Startup/startup_samd21.o
                0x0000035c                Reset_Handler
 .text.SystemInit
                0x00000420      0x198 Device_Startup/system_samd21.o
                0x00000420                SystemInit
 .text.event_init
                0x000005b8       0x44 event.o
                0x000005b8                event_init
 .text.pack12to8
                0x000005fc       0x4e led.o
 *fill*         0x0000064a        0x2 
 .text.led_write
                0x0000064c       0x58 led.o
                0x0000064c                led_write
 .text.led_get_packed_buffer
                0x000006a4        0xc led.o
                0x000006a4                led_get_packed_buffer
 .text.init_notes
                0x000006b0       0x28 main.o
                0x000006b0                init_notes
 .text.led_always_on
                0x000006d8      0x130 main.o
                0x000006d8                led_always_on
 .text.main_return_millis
                0x00000808       0x10 main.o
                0x00000808                main_return_millis
 .text.main     0x00000818      0x178 main.o
                0x00000818                main
 .text.SysTick_Handler
                0x00000990       0x10 main.o
                0x00000990                SysTick_Handler
 .text.pwm_init
                0x000009a0       0xcc pwm.o
                0x000009a0                pwm_init
 .text.pwm_enable
                0x00000a6c       0x18 pwm.o
                0x00000a6c                pwm_enable
 .text.pwm_disable
                0x00000a84       0x18 pwm.o
                0x00000a84                pwm_disable
 .text.pwm_set  0x00000a9c       0x44 pwm.o
                0x00000a9c                pwm_set
 .text.speaker_init
                0x00000ae0       0xb0 speaker.o
                0x00000ae0                speaker_init
 .text.spi_init
                0x00000b90      0x11c spi.o
                0x00000b90                spi_init
 .text.spi_write
                0x00000cac       0x34 spi.o
                0x00000cac                spi_write
 .text.SERCOM4_Handler
                0x00000ce0       0x60 spi.o
                0x00000ce0                SERCOM4_Handler
 .text.timer_set_period
                0x00000d40       0x44 timer.o
                0x00000d40                timer_set_period
 .text.timer_enable
                0x00000d84       0x10 timer.o
                0x00000d84                timer_enable
 .text.timer_disable
                0x00000d94       0x10 timer.o
                0x00000d94                timer_disable
 .text.timer_init
                0x00000da4       0x78 timer.o
                0x00000da4                timer_init
 .text          0x00000e1c       0x30 c:/program files (x86)/atmel/studio/7.0/toolchain/arm/arm-gnu-toolchain/bin/../lib/gcc/arm-none-eabi/6.3.1/thumb/v6-m\libgcc.a(_fixunssfsi.o)
                0x00000e1c                __fixunssfsi
                0x00000e1c                __aeabi_f2uiz
 .text          0x00000e4c      0x324 c:/program files (x86)/atmel/studio/7.0/toolchain/arm/arm-gnu-toolchain/bin/../lib/gcc/arm-none-eabi/6.3.1/thumb/v6-m\libgcc.a(addsf3.o)
                0x00000e4c                __aeabi_fadd
 .text          0x00001170      0x290 c:/program files (x86)/atmel/studio/7.0/toolchain/arm/arm-gnu-toolchain/bin/../lib/gcc/arm-none-eabi/6.3.1/thumb/v6-m\libgcc.a(divsf3.o)
                0x00001170                __aeabi_fdiv
 .text          0x00001400      0x338 c:/program files (x86)/atmel/studio/7.0/toolchain/arm/arm-gnu-toolchain/bin/../lib/gcc/arm-none-eabi/6.3.1/thumb/v6-m\libgcc.a(subsf3.o)
                0x00001400                __aeabi_fsub
 .text          0x00001738       0x40 c:/program files (x86)/atmel/studio/7.0/toolchain/arm/arm-gnu-toolchain/bin/../lib/gcc/arm-none-eabi/6.3.1/thumb/v6-m\libgcc.a(fixsfsi.o)
                0x00001738                __aeabi_f2iz
 .text          0x00001778       0x8c c:/program files (x86)/atmel/studio/7.0/toolchain/arm/arm-gnu-toolchain/bin/../lib/gcc/arm-none-eabi/6.3.1/thumb/v6-m\libgcc.a(floatunsisf.o)
                0x00001778                __aeabi_ui2f
 .text          0x00001804       0x74 c:/program files (x86)/atmel/studio/7.0/toolchain/arm/arm-gnu-toolchain/bin/../lib/gcc/arm-none-eabi/6.3.1/thumb/v6-m\libgcc.a(_arm_cmpsf2.o)
                0x00001804                __aeabi_cfrcmple
                0x0000180c                __aeabi_cfcmpeq
                0x0000180c                __aeabi_cfcmple
                0x0000181c                __aeabi_fcmpeq
                0x00001828                __aeabi_fcmplt
                0x0000183c                __aeabi_fcmple
                0x00001850                __aeabi_fcmpgt
                0x00001864                __aeabi_fcmpge
 .text          0x00001878       0x3c c:/program files (x86)/atmel/studio/7.0/toolchain/arm/arm-gnu-toolchain/bin/../lib/gcc/arm-none-eabi/6.3.1/thumb/v6-m\libgcc.a(_clzsi2.o)
                0x00001878                __clzsi2
 .text          0x000018b4       0x4c c:/program files (x86)/atmel/studio/7.0/toolchain/arm/arm-gnu-toolchain/bin/../lib/gcc/arm-none-eabi/6.3.1/thumb/v6-m\libgcc.a(eqsf2.o)
                0x000018b4                __eqsf2
                0x000018b4                __nesf2
 .text          0x00001900       0x80 c:/program files (x86)/atmel/studio/7.0/toolchain/arm/arm-gnu-toolchain/bin/../lib/gcc/arm-none-eabi/6.3.1/thumb/v6-m\libgcc.a(gesf2.o)
                0x00001900                __gesf2
                0x00001900                __gtsf2
 .text          0x00001980       0x84 c:/program files (x86)/atmel/studio/7.0/toolchain/arm/arm-gnu-toolchain/bin/../lib/gcc/arm-none-eabi/6.3.1/thumb/v6-m\libgcc.a(lesf2.o)
                0x00001980                __ltsf2
                0x00001980                __lesf2
 .text.__libc_init_array
                0x00001a04       0x48 c:/program files (x86)/atmel/studio/7.0/toolchain/arm/arm-gnu-toolchain/bin/../lib/gcc/arm-none-eabi/6.3.1/../../../../arm-none-eabi/lib/thumb/v6-m\libc.a(lib_a-init.o)
                0x00001a04                __libc_init_array
 .text.startup.register_fini
                0x00001a4c       0x18 c:/program files (x86)/atmel/studio/7.0/toolchain/arm/arm-gnu-toolchain/bin/../lib/gcc/arm-none-eabi/6.3.1/../../../../arm-none-eabi/lib/thumb/v6-m\libc.a(lib_a-__call_atexit.o)
 .text.atexit   0x00001a64       0x10 c:/program files (x86)/atmel/studio/7.0/toolchain/arm/arm-gnu-toolchain/bin/../lib/gcc/arm-none-eabi/6.3.1/../../../../arm-none-eabi/lib/thumb/v6-m\libc.a(lib_a-atexit.o)
                0x00001a64                atexit
 .text.__libc_fini_array
                0x00001a74       0x34 c:/program files (x86)/atmel/studio/7.0/toolchain/arm/arm-gnu-toolchain/bin/../lib/gcc/arm-none-eabi/6.3.1/../../../../arm-none-eabi/lib/thumb/v6-m\libc.a(lib_a-fini.o)
                0x00001a74                __libc_fini_array
 .text.__retarget_lock_acquire_recursive
                0x00001aa8        0x4 c:/program files (x86)/atmel/studio/7.0/toolchain/arm/arm-gnu-toolchain/bin/../lib/gcc/arm-none-eabi/6.3.1/../../../../arm-none-eabi/lib/thumb/v6-m\libc.a(lib_a-lock.o)
                0x00001aa8                __retarget_lock_acquire_recursive
 .text.__retarget_lock_release_recursive
                0x00001aac        0x4 c:/program files (x86)/atmel/studio/7.0/toolchain/arm/arm-gnu-toolchain/bin/../lib/gcc/arm-none-eabi/6.3.1/../../../../arm-none-eabi/lib/thumb/v6-m\libc.a(lib_a-lock.o)
                0x00001aac                __retarget_lock_release_recursive
 .text.__register_exitproc
                0x00001ab0       0xf4 c:/program files (x86)/atmel/studio/7.0/toolchain/arm/arm-gnu-toolchain/bin/../lib/gcc/arm-none-eabi/6.3.1/../../../../arm-none-eabi/lib/thumb/v6-m\libc.a(lib_a-__atexit.o)
                0x00001ab0                __register_exitproc
 *(.glue_7t)
 .glue_7t       0x00001ba4        0x0 linker stubs
 *(.glue_7)
 .glue_7        0x00001ba4        0x0 linker stubs
 *(.rodata .rodata* .gnu.linkonce.r.*)
 .rodata        0x00001ba4       0x18 led.o
 .rodata        0x00001bbc       0x4c main.o
                0x00001bf8                GSHARP3
                0x00001bfc                B3
                0x00001c00                DSHARP4
                0x00001c04                GSHARP4
 .rodata        0x00001c08       0x80 c:/program files (x86)/atmel/studio/7.0/toolchain/arm/arm-gnu-toolchain/bin/../lib/gcc/arm-none-eabi/6.3.1/thumb/v6-m\libgcc.a(divsf3.o)
 .rodata._global_impure_ptr
                0x00001c88        0x4 c:/program files (x86)/atmel/studio/7.0/toolchain/arm/arm-gnu-toolchain/bin/../lib/gcc/arm-none-eabi/6.3.1/../../../../arm-none-eabi/lib/thumb/v6-m\libc.a(lib_a-impure.o)
                0x00001c88                _global_impure_ptr
 *(.ARM.extab* .gnu.linkonce.armextab.*)
                0x00001c8c                . = ALIGN (0x4)
 *(.init)
 .init          0x00001c8c        0x4 c:/program files (x86)/atmel/studio/7.0/toolchain/arm/arm-gnu-toolchain/bin/../lib/gcc/arm-none-eabi/6.3.1/thumb/v6-m/crti.o
                0x00001c8c                _init
 .init          0x00001c90        0x8 c:/program files (x86)/atmel/studio/7.0/toolchain/arm/arm-gnu-toolchain/bin/../lib/gcc/arm-none-eabi/6.3.1/thumb/v6-m/crtn.o
                0x00001c98                . = ALIGN (0x4)
                0x00001c98                __preinit_array_start = .
 *(.preinit_array)
                0x00001c98                __preinit_array_end = .
                0x00001c98                . = ALIGN (0x4)
                0x00001c98                __init_array_start = .
 *(SORT(.init_array.*))
 .init_array.00000
                0x00001c98        0x4 c:/program files (x86)/atmel/studio/7.0/toolchain/arm/arm-gnu-toolchain/bin/../lib/gcc/arm-none-eabi/6.3.1/../../../../arm-none-eabi/lib/thumb/v6-m\libc.a(lib_a-__call_atexit.o)
 *(.init_array)
 .init_array    0x00001c9c        0x4 c:/program files (x86)/atmel/studio/7.0/toolchain/arm/arm-gnu-toolchain/bin/../lib/gcc/arm-none-eabi/6.3.1/thumb/v6-m/crtbegin.o
                0x00001ca0                __init_array_end = .
                0x00001ca0                . = ALIGN (0x4)
 *crtbegin.o(.ctors)
 *(EXCLUDE_FILE(*crtend.o) .ctors)
 *(SORT(.ctors.*))
 *crtend.o(.ctors)
                0x00001ca0                . = ALIGN (0x4)
 *(.fini)
 .fini          0x00001ca0        0x4 c:/program files (x86)/atmel/studio/7.0/toolchain/arm/arm-gnu-toolchain/bin/../lib/gcc/arm-none-eabi/6.3.1/thumb/v6-m/crti.o
                0x00001ca0                _fini
 .fini          0x00001ca4        0x8 c:/program files (x86)/atmel/studio/7.0/toolchain/arm/arm-gnu-toolchain/bin/../lib/gcc/arm-none-eabi/6.3.1/thumb/v6-m/crtn.o
                0x00001cac                . = ALIGN (0x4)
                0x00001cac                __fini_array_start = .
 *(.fini_array)
 .fini_array    0x00001cac        0x4 c:/program files (x86)/atmel/studio/7.0/toolchain/arm/arm-gnu-toolchain/bin/../lib/gcc/arm-none-eabi/6.3.1/thumb/v6-m/crtbegin.o
 *(SORT(.fini_array.*))
                0x00001cb0                __fini_array_end = .
 *crtbegin.o(.dtors)
 *(EXCLUDE_FILE(*crtend.o) .dtors)
 *(SORT(.dtors.*))
 *crtend.o(.dtors)
                0x00001cb0                . = ALIGN (0x4)
                0x00001cb0                _efixed = .
                [!provide]                PROVIDE (__exidx_start, .)

.vfp11_veneer   0x00001cb0        0x0
 .vfp11_veneer  0x00001cb0        0x0 linker stubs

.v4_bx          0x00001cb0        0x0
 .v4_bx         0x00001cb0        0x0 linker stubs

.iplt           0x00001cb0        0x0
 .iplt          0x00001cb0        0x0 c:/program files (x86)/atmel/studio/7.0/toolchain/arm/arm-gnu-toolchain/bin/../lib/gcc/arm-none-eabi/6.3.1/thumb/v6-m/crtbegin.o

.eh_frame       0x00001cb0        0x0
 .eh_frame      0x00001cb0        0x0 c:/program files (x86)/atmel/studio/7.0/toolchain/arm/arm-gnu-toolchain/bin/../lib/gcc/arm-none-eabi/6.3.1/thumb/v6-m/crtbegin.o

.rel.dyn        0x00001cb0        0x0
 .rel.iplt      0x00001cb0        0x0 c:/program files (x86)/atmel/studio/7.0/toolchain/arm/arm-gnu-toolchain/bin/../lib/gcc/arm-none-eabi/6.3.1/thumb/v6-m/crtbegin.o

.jcr            0x00001cb0        0x0
 .jcr           0x00001cb0        0x0 c:/program files (x86)/atmel/studio/7.0/toolchain/arm/arm-gnu-toolchain/bin/../lib/gcc/arm-none-eabi/6.3.1/thumb/v6-m/crtbegin.o

.igot.plt       0x00001cb0        0x0
 .igot.plt      0x00001cb0        0x0 c:/program files (x86)/atmel/studio/7.0/toolchain/arm/arm-gnu-toolchain/bin/../lib/gcc/arm-none-eabi/6.3.1/thumb/v6-m/crtbegin.o

.ARM.exidx
 *(.ARM.exidx* .gnu.linkonce.armexidx.*)
                [!provide]                PROVIDE (__exidx_end, .)
                0x00001cb0                . = ALIGN (0x4)
                0x00001cb0                _etext = .

.relocate       0x20000000      0x434 load address 0x00001cb0
                0x20000000                . = ALIGN (0x4)
                0x20000000                _srelocate = .
 *(.ramfunc .ramfunc.*)
 *(.data .data.*)
 .data          0x20000000        0x4 Device_Startup/system_samd21.o
                0x20000000                SystemCoreClock
 .data          0x20000004        0x1 spi.o
 *fill*         0x20000005        0x3 
 .data.impure_data
                0x20000008      0x428 c:/program files (x86)/atmel/studio/7.0/toolchain/arm/arm-gnu-toolchain/bin/../lib/gcc/arm-none-eabi/6.3.1/../../../../arm-none-eabi/lib/thumb/v6-m\libc.a(lib_a-impure.o)
 .data.__atexit_recursive_mutex
                0x20000430        0x4 c:/program files (x86)/atmel/studio/7.0/toolchain/arm/arm-gnu-toolchain/bin/../lib/gcc/arm-none-eabi/6.3.1/../../../../arm-none-eabi/lib/thumb/v6-m\libc.a(lib_a-__call_atexit.o)
                0x20000430                __atexit_recursive_mutex
                0x20000434                . = ALIGN (0x4)
                0x20000434                _erelocate = .

.bss            0x20000434       0xbc load address 0x000020e4
                0x20000434                . = ALIGN (0x4)
                0x20000434                _sbss = .
                0x20000434                _szero = .
 *(.bss .bss.*)
 .bss           0x20000434       0x1c c:/program files (x86)/atmel/studio/7.0/toolchain/arm/arm-gnu-toolchain/bin/../lib/gcc/arm-none-eabi/6.3.1/thumb/v6-m/crtbegin.o
 .bss           0x20000450        0x2 buttons.o
                0x20000450                PB09_high
                0x20000451                PA04_high
 .bss           0x20000452        0x1 counter.o
 *fill*         0x20000453        0x1 
 .bss           0x20000454       0x38 led.o
 .bss           0x2000048c        0x4 main.o
                0x2000048c                check_blankFlag
                0x2000048d                this_tone
                0x2000048e                state_now
                0x2000048f                next_state
 .bss           0x20000490        0x1 spi.o
 *(COMMON)
 *fill*         0x20000491        0x3 
 COMMON         0x20000494        0x8 buttons.o
                0x20000494                joystick_pressed
                0x20000495                btnActive
                0x20000496                old_joystick_state
                0x20000497                which_button_pressed
                0x20000498                yValue_jstck
 COMMON         0x2000049c       0x30 main.o
                0x2000049c                blue
                0x2000049e                buttonValue
                0x200004a0                main_old_time
                0x200004a4                green
                0x200004a6                red
                0x200004a8                notes_index
                0x200004ac                delayPause_oldTime
                0x200004b0                delayPause_newTime
                0x200004b4                sim_notes
                0x200004c4                main_new_time
                0x200004c8                millis
 COMMON         0x200004cc       0x21 c:/program files (x86)/atmel/studio/7.0/toolchain/arm/arm-gnu-toolchain/bin/../lib/gcc/arm-none-eabi/6.3.1/../../../../arm-none-eabi/lib/thumb/v6-m\libc.a(lib_a-lock.o)
                0x200004cc                __lock___atexit_recursive_mutex
                0x200004d0                __lock___arc4random_mutex
                0x200004d4                __lock___env_recursive_mutex
                0x200004d8                __lock___sinit_recursive_mutex
                0x200004dc                __lock___malloc_recursive_mutex
                0x200004e0                __lock___at_quick_exit_mutex
                0x200004e4                __lock___dd_hash_mutex
                0x200004e8                __lock___tz_mutex
                0x200004ec                __lock___sfp_recursive_mutex
                0x200004f0                . = ALIGN (0x4)
 *fill*         0x200004ed        0x3 
                0x200004f0                _ebss = .
                0x200004f0                _ezero = .

.stack          0x200004f0     0x2000 load address 0x000021a0
                0x200004f0                . = ALIGN (0x8)
                0x200004f0                _sstack = .
                0x200024f0                . = (. + STACK_SIZE)
 *fill*         0x200004f0     0x2000 
                0x200024f0                . = ALIGN (0x8)
                0x200024f0                _estack = .
                0x200024f0                . = ALIGN (0x4)
                0x200024f0                _end = .
OUTPUT(Program10_1.elf elf32-littlearm)

.ARM.attributes
                0x00000000       0x28
 .ARM.attributes
                0x00000000       0x1e c:/program files (x86)/atmel/studio/7.0/toolchain/arm/arm-gnu-toolchain/bin/../lib/gcc/arm-none-eabi/6.3.1/thumb/v6-m/crti.o
 .ARM.attributes
                0x0000001e       0x2c c:/program files (x86)/atmel/studio/7.0/toolchain/arm/arm-gnu-toolchain/bin/../lib/gcc/arm-none-eabi/6.3.1/thumb/v6-m/crtbegin.o
 .ARM.attributes
                0x0000004a       0x32 buttons.o
 .ARM.attributes
                0x0000007c       0x32 counter.o
 .ARM.attributes
                0x000000ae       0x32 Device_Startup/startup_samd21.o
 .ARM.attributes
                0x000000e0       0x32 Device_Startup/system_samd21.o
 .ARM.attributes
                0x00000112       0x32 event.o
 .ARM.attributes
                0x00000144       0x32 led.o
 .ARM.attributes
                0x00000176       0x32 main.o
 .ARM.attributes
                0x000001a8       0x32 pwm.o
 .ARM.attributes
                0x000001da       0x32 speaker.o
 .ARM.attributes
                0x0000020c       0x32 spi.o
 .ARM.attributes
                0x0000023e       0x32 timer.o
 .ARM.attributes
                0x00000270       0x2c c:/program files (x86)/atmel/studio/7.0/toolchain/arm/arm-gnu-toolchain/bin/../lib/gcc/arm-none-eabi/6.3.1/thumb/v6-m\libgcc.a(_fixunssfsi.o)
 .ARM.attributes
                0x0000029c       0x2c c:/program files (x86)/atmel/studio/7.0/toolchain/arm/arm-gnu-toolchain/bin/../lib/gcc/arm-none-eabi/6.3.1/thumb/v6-m\libgcc.a(addsf3.o)
 .ARM.attributes
                0x000002c8       0x2c c:/program files (x86)/atmel/studio/7.0/toolchain/arm/arm-gnu-toolchain/bin/../lib/gcc/arm-none-eabi/6.3.1/thumb/v6-m\libgcc.a(divsf3.o)
 .ARM.attributes
                0x000002f4       0x2c c:/program files (x86)/atmel/studio/7.0/toolchain/arm/arm-gnu-toolchain/bin/../lib/gcc/arm-none-eabi/6.3.1/thumb/v6-m\libgcc.a(subsf3.o)
 .ARM.attributes
                0x00000320       0x2c c:/program files (x86)/atmel/studio/7.0/toolchain/arm/arm-gnu-toolchain/bin/../lib/gcc/arm-none-eabi/6.3.1/thumb/v6-m\libgcc.a(fixsfsi.o)
 .ARM.attributes
                0x0000034c       0x2c c:/program files (x86)/atmel/studio/7.0/toolchain/arm/arm-gnu-toolchain/bin/../lib/gcc/arm-none-eabi/6.3.1/thumb/v6-m\libgcc.a(floatunsisf.o)
 .ARM.attributes
                0x00000378       0x1e c:/program files (x86)/atmel/studio/7.0/toolchain/arm/arm-gnu-toolchain/bin/../lib/gcc/arm-none-eabi/6.3.1/thumb/v6-m\libgcc.a(_arm_cmpsf2.o)
 .ARM.attributes
                0x00000396       0x1e c:/program files (x86)/atmel/studio/7.0/toolchain/arm/arm-gnu-toolchain/bin/../lib/gcc/arm-none-eabi/6.3.1/thumb/v6-m\libgcc.a(_clzsi2.o)
 .ARM.attributes
                0x000003b4       0x2c c:/program files (x86)/atmel/studio/7.0/toolchain/arm/arm-gnu-toolchain/bin/../lib/gcc/arm-none-eabi/6.3.1/thumb/v6-m\libgcc.a(eqsf2.o)
 .ARM.attributes
                0x000003e0       0x2c c:/program files (x86)/atmel/studio/7.0/toolchain/arm/arm-gnu-toolchain/bin/../lib/gcc/arm-none-eabi/6.3.1/thumb/v6-m\libgcc.a(gesf2.o)
 .ARM.attributes
                0x0000040c       0x2c c:/program files (x86)/atmel/studio/7.0/toolchain/arm/arm-gnu-toolchain/bin/../lib/gcc/arm-none-eabi/6.3.1/thumb/v6-m\libgcc.a(lesf2.o)
 .ARM.attributes
                0x00000438       0x2c c:/program files (x86)/atmel/studio/7.0/toolchain/arm/arm-gnu-toolchain/bin/../lib/gcc/arm-none-eabi/6.3.1/../../../../arm-none-eabi/lib/thumb/v6-m\libc.a(lib_a-impure.o)
 .ARM.attributes
                0x00000464       0x2c c:/program files (x86)/atmel/studio/7.0/toolchain/arm/arm-gnu-toolchain/bin/../lib/gcc/arm-none-eabi/6.3.1/../../../../arm-none-eabi/lib/thumb/v6-m\libc.a(lib_a-init.o)
 .ARM.attributes
                0x00000490       0x2c c:/program files (x86)/atmel/studio/7.0/toolchain/arm/arm-gnu-toolchain/bin/../lib/gcc/arm-none-eabi/6.3.1/../../../../arm-none-eabi/lib/thumb/v6-m\libc.a(lib_a-__call_atexit.o)
 .ARM.attributes
                0x000004bc       0x2c c:/program files (x86)/atmel/studio/7.0/toolchain/arm/arm-gnu-toolchain/bin/../lib/gcc/arm-none-eabi/6.3.1/../../../../arm-none-eabi/lib/thumb/v6-m\libc.a(lib_a-atexit.o)
 .ARM.attributes
                0x000004e8       0x2c c:/program files (x86)/atmel/studio/7.0/toolchain/arm/arm-gnu-toolchain/bin/../lib/gcc/arm-none-eabi/6.3.1/../../../../arm-none-eabi/lib/thumb/v6-m\libc.a(lib_a-fini.o)
 .ARM.attributes
                0x00000514       0x2c c:/program files (x86)/atmel/studio/7.0/toolchain/arm/arm-gnu-toolchain/bin/../lib/gcc/arm-none-eabi/6.3.1/../../../../arm-none-eabi/lib/thumb/v6-m\libc.a(lib_a-lock.o)
 .ARM.attributes
                0x00000540       0x2c c:/program files (x86)/atmel/studio/7.0/toolchain/arm/arm-gnu-toolchain/bin/../lib/gcc/arm-none-eabi/6.3.1/../../../../arm-none-eabi/lib/thumb/v6-m\libc.a(lib_a-__atexit.o)
 .ARM.attributes
                0x0000056c       0x1e c:/program files (x86)/atmel/studio/7.0/toolchain/arm/arm-gnu-toolchain/bin/../lib/gcc/arm-none-eabi/6.3.1/thumb/v6-m/crtn.o

.comment        0x00000000       0x59
 .comment       0x00000000       0x59 buttons.o
                                 0x5a (size before relaxing)
 .comment       0x00000059       0x5a counter.o
 .comment       0x00000059       0x5a Device_Startup/startup_samd21.o
 .comment       0x00000059       0x5a Device_Startup/system_samd21.o
 .comment       0x00000059       0x5a event.o
 .comment       0x00000059       0x5a led.o
 .comment       0x00000059       0x5a main.o
 .comment       0x00000059       0x5a pwm.o
 .comment       0x00000059       0x5a speaker.o
 .comment       0x00000059       0x5a spi.o
 .comment       0x00000059       0x5a timer.o

.debug_info     0x00000000    0x171a9
 .debug_info    0x00000000      0x7ff buttons.o
 .debug_info    0x000007ff     0x2193 counter.o
 .debug_info    0x00002992     0x3a2c Device_Startup/startup_samd21.o
 .debug_info    0x000063be     0x2b02 Device_Startup/system_samd21.o
 .debug_info    0x00008ec0     0x173c event.o
 .debug_info    0x0000a5fc      0x238 led.o
 .debug_info    0x0000a834      0x9bc main.o
 .debug_info    0x0000b1f0     0x3149 pwm.o
 .debug_info    0x0000e339     0x3116 speaker.o
 .debug_info    0x0001144f     0x323a spi.o
 .debug_info    0x00014689     0x2b20 timer.o

.debug_abbrev   0x00000000     0x145b
 .debug_abbrev  0x00000000      0x18b buttons.o
 .debug_abbrev  0x0000018b      0x272 counter.o
 .debug_abbrev  0x000003fd      0x227 Device_Startup/startup_samd21.o
 .debug_abbrev  0x00000624      0x184 Device_Startup/system_samd21.o
 .debug_abbrev  0x000007a8      0x14e event.o
 .debug_abbrev  0x000008f6      0x129 led.o
 .debug_abbrev  0x00000a1f      0x27e main.o
 .debug_abbrev  0x00000c9d      0x1cf pwm.o
 .debug_abbrev  0x00000e6c      0x1a2 speaker.o
 .debug_abbrev  0x0000100e      0x280 spi.o
 .debug_abbrev  0x0000128e      0x1cd timer.o

.debug_loc      0x00000000      0x5b8
 .debug_loc     0x00000000       0x20 buttons.o
 .debug_loc     0x00000020       0x55 counter.o
 .debug_loc     0x00000075       0x78 Device_Startup/startup_samd21.o
 .debug_loc     0x000000ed       0x8b Device_Startup/system_samd21.o
 .debug_loc     0x00000178      0x1cb led.o
 .debug_loc     0x00000343      0x12d main.o
 .debug_loc     0x00000470       0x79 pwm.o
 .debug_loc     0x000004e9       0x81 spi.o
 .debug_loc     0x0000056a       0x4e timer.o

.debug_aranges  0x00000000      0x268
 .debug_aranges
                0x00000000       0x38 buttons.o
 .debug_aranges
                0x00000038       0x50 counter.o
 .debug_aranges
                0x00000088       0x28 Device_Startup/startup_samd21.o
 .debug_aranges
                0x000000b0       0x28 Device_Startup/system_samd21.o
 .debug_aranges
                0x000000d8       0x20 event.o
 .debug_aranges
                0x000000f8       0x30 led.o
 .debug_aranges
                0x00000128       0x50 main.o
 .debug_aranges
                0x00000178       0x38 pwm.o
 .debug_aranges
                0x000001b0       0x30 speaker.o
 .debug_aranges
                0x000001e0       0x50 spi.o
 .debug_aranges
                0x00000230       0x38 timer.o

.debug_ranges   0x00000000      0x1d0
 .debug_ranges  0x00000000       0x28 buttons.o
 .debug_ranges  0x00000028       0x40 counter.o
 .debug_ranges  0x00000068       0x18 Device_Startup/startup_samd21.o
 .debug_ranges  0x00000080       0x18 Device_Startup/system_samd21.o
 .debug_ranges  0x00000098       0x10 event.o
 .debug_ranges  0x000000a8       0x38 led.o
 .debug_ranges  0x000000e0       0x40 main.o
 .debug_ranges  0x00000120       0x28 pwm.o
 .debug_ranges  0x00000148       0x20 speaker.o
 .debug_ranges  0x00000168       0x40 spi.o
 .debug_ranges  0x000001a8       0x28 timer.o

.debug_macro    0x00000000    0x12729
 .debug_macro   0x00000000      0x2fc buttons.o
 .debug_macro   0x000002fc      0x8a4 buttons.o
 .debug_macro   0x00000ba0       0x22 buttons.o
 .debug_macro   0x00000bc2       0x87 buttons.o
 .debug_macro   0x00000c49       0x51 buttons.o
 .debug_macro   0x00000c9a       0xef buttons.o
 .debug_macro   0x00000d89       0x6a buttons.o
 .debug_macro   0x00000df3      0x1df buttons.o
 .debug_macro   0x00000fd2       0x22 buttons.o
 .debug_macro   0x00000ff4       0x3f buttons.o
 .debug_macro   0x00001033       0x3a buttons.o
 .debug_macro   0x0000106d       0x1f buttons.o
 .debug_macro   0x0000108c      0x250 buttons.o
 .debug_macro   0x000012dc      0x67e buttons.o
 .debug_macro   0x0000195a      0x8b1 buttons.o
 .debug_macro   0x0000220b      0x22e buttons.o
 .debug_macro   0x00002439      0xd5c buttons.o
 .debug_macro   0x00003195      0x4dc buttons.o
 .debug_macro   0x00003671      0x9f6 buttons.o
 .debug_macro   0x00004067      0x82b buttons.o
 .debug_macro   0x00004892      0x45f buttons.o
 .debug_macro   0x00004cf1       0x5e buttons.o
 .debug_macro   0x00004d4f      0x8f9 buttons.o
 .debug_macro   0x00005648      0x21c buttons.o
 .debug_macro   0x00005864      0x735 buttons.o
 .debug_macro   0x00005f99       0x5e buttons.o
 .debug_macro   0x00005ff7      0x632 buttons.o
 .debug_macro   0x00006629      0x3ac buttons.o
 .debug_macro   0x000069d5      0xc76 buttons.o
 .debug_macro   0x0000764b     0x1092 buttons.o
 .debug_macro   0x000086dd      0xc4a buttons.o
 .debug_macro   0x00009327      0x6ba buttons.o
 .debug_macro   0x000099e1     0x1b3d buttons.o
 .debug_macro   0x0000b51e     0x143c buttons.o
 .debug_macro   0x0000c95a      0x340 buttons.o
 .debug_macro   0x0000cc9a       0x7c buttons.o
 .debug_macro   0x0000cd16       0xa0 buttons.o
 .debug_macro   0x0000cdb6       0x4c buttons.o
 .debug_macro   0x0000ce02       0xca buttons.o
 .debug_macro   0x0000cecc       0x94 buttons.o
 .debug_macro   0x0000cf60       0x58 buttons.o
 .debug_macro   0x0000cfb8      0x341 buttons.o
 .debug_macro   0x0000d2f9       0x82 buttons.o
 .debug_macro   0x0000d37b      0x189 buttons.o
 .debug_macro   0x0000d504       0xb8 buttons.o
 .debug_macro   0x0000d5bc       0xa0 buttons.o
 .debug_macro   0x0000d65c       0xb2 buttons.o
 .debug_macro   0x0000d70e       0x1c buttons.o
 .debug_macro   0x0000d72a       0x1c buttons.o
 .debug_macro   0x0000d746       0x1c buttons.o
 .debug_macro   0x0000d762       0x7c buttons.o
 .debug_macro   0x0000d7de      0x15a buttons.o
 .debug_macro   0x0000d938       0x10 buttons.o
 .debug_macro   0x0000d948       0xdc buttons.o
 .debug_macro   0x0000da24      0x124 buttons.o
 .debug_macro   0x0000db48      0x124 buttons.o
 .debug_macro   0x0000dc6c      0x124 buttons.o
 .debug_macro   0x0000dd90      0x124 buttons.o
 .debug_macro   0x0000deb4      0x124 buttons.o
 .debug_macro   0x0000dfd8      0x124 buttons.o
 .debug_macro   0x0000e0fc      0x124 buttons.o
 .debug_macro   0x0000e220       0xe2 buttons.o
 .debug_macro   0x0000e302       0xe2 buttons.o
 .debug_macro   0x0000e3e4       0xe2 buttons.o
 .debug_macro   0x0000e4c6      0x12a buttons.o
 .debug_macro   0x0000e5f0      0x100 buttons.o
 .debug_macro   0x0000e6f0       0xf4 buttons.o
 .debug_macro   0x0000e7e4      0x40f buttons.o
 .debug_macro   0x0000ebf3       0x40 buttons.o
 .debug_macro   0x0000ec33      0x376 buttons.o
 .debug_macro   0x0000efa9     0x17df buttons.o
 .debug_macro   0x00010788       0x6d buttons.o
 .debug_macro   0x000107f5      0x303 counter.o
 .debug_macro   0x00010af8       0x39 counter.o
 .debug_macro   0x00010b31      0x2ef Device_Startup/startup_samd21.o
 .debug_macro   0x00010e20      0x31f Device_Startup/system_samd21.o
 .debug_macro   0x0001113f      0x2f9 event.o
 .debug_macro   0x00011438      0x2f9 led.o
 .debug_macro   0x00011731      0x346 main.o
 .debug_macro   0x00011a77       0x10 main.o
 .debug_macro   0x00011a87       0x3a main.o
 .debug_macro   0x00011ac1      0x2f8 pwm.o
 .debug_macro   0x00011db9       0x34 pwm.o
 .debug_macro   0x00011ded      0x2f8 speaker.o
 .debug_macro   0x000120e5      0x34b spi.o
 .debug_macro   0x00012430      0x2f9 timer.o

.debug_line     0x00000000     0x4eea
 .debug_line    0x00000000      0x70f buttons.o
 .debug_line    0x0000070f      0x753 counter.o
 .debug_line    0x00000e62      0x6e2 Device_Startup/startup_samd21.o
 .debug_line    0x00001544      0x73f Device_Startup/system_samd21.o
 .debug_line    0x00001c83      0x6b5 event.o
 .debug_line    0x00002338      0x70f led.o
 .debug_line    0x00002a47      0x7ff main.o
 .debug_line    0x00003246      0x71f pwm.o
 .debug_line    0x00003965      0x705 speaker.o
 .debug_line    0x0000406a      0x785 spi.o
 .debug_line    0x000047ef      0x6fb timer.o

.debug_str      0x00000000    0x6f79a
 .debug_str     0x00000000    0x6c557 buttons.o
                              0x6c8a9 (size before relaxing)
 .debug_str     0x0006c557      0x7e0 counter.o
                              0x6cf5d (size before relaxing)
 .debug_str     0x0006cd37     0x1064 Device_Startup/startup_samd21.o
                              0x6d78c (size before relaxing)
 .debug_str     0x0006dd9b      0x75a Device_Startup/system_samd21.o
                              0x6d220 (size before relaxing)
 .debug_str     0x0006e4f5      0x23d event.o
                              0x6cb69 (size before relaxing)
 .debug_str     0x0006e732       0x70 led.o
                              0x6c647 (size before relaxing)
 .debug_str     0x0006e7a2      0x2ba main.o
                              0x6cbc3 (size before relaxing)
 .debug_str     0x0006ea5c      0x5aa pwm.o
                              0x6d1c4 (size before relaxing)
 .debug_str     0x0006f006       0x33 speaker.o
                              0x6d14c (size before relaxing)
 .debug_str     0x0006f039      0x735 spi.o
                              0x6d456 (size before relaxing)
 .debug_str     0x0006f76e       0x2c timer.o
                              0x6cfd7 (size before relaxing)

.debug_frame    0x00000000      0x778
 .debug_frame   0x00000000       0x5c buttons.o
 .debug_frame   0x0000005c       0x88 counter.o
 .debug_frame   0x000000e4       0x40 Device_Startup/startup_samd21.o
 .debug_frame   0x00000124       0x30 Device_Startup/system_samd21.o
 .debug_frame   0x00000154       0x20 event.o
 .debug_frame   0x00000174       0x5c led.o
 .debug_frame   0x000001d0       0xa4 main.o
 .debug_frame   0x00000274       0x6c pwm.o
 .debug_frame   0x000002e0       0x40 speaker.o
 .debug_frame   0x00000320       0x9c spi.o
 .debug_frame   0x000003bc       0x58 timer.o
 .debug_frame   0x00000414       0x28 c:/program files (x86)/atmel/studio/7.0/toolchain/arm/arm-gnu-toolchain/bin/../lib/gcc/arm-none-eabi/6.3.1/thumb/v6-m\libgcc.a(_fixunssfsi.o)
 .debug_frame   0x0000043c       0x34 c:/program files (x86)/atmel/studio/7.0/toolchain/arm/arm-gnu-toolchain/bin/../lib/gcc/arm-none-eabi/6.3.1/thumb/v6-m\libgcc.a(addsf3.o)
 .debug_frame   0x00000470       0x3c c:/program files (x86)/atmel/studio/7.0/toolchain/arm/arm-gnu-toolchain/bin/../lib/gcc/arm-none-eabi/6.3.1/thumb/v6-m\libgcc.a(divsf3.o)
 .debug_frame   0x000004ac       0x38 c:/program files (x86)/atmel/studio/7.0/toolchain/arm/arm-gnu-toolchain/bin/../lib/gcc/arm-none-eabi/6.3.1/thumb/v6-m\libgcc.a(subsf3.o)
 .debug_frame   0x000004e4       0x20 c:/program files (x86)/atmel/studio/7.0/toolchain/arm/arm-gnu-toolchain/bin/../lib/gcc/arm-none-eabi/6.3.1/thumb/v6-m\libgcc.a(fixsfsi.o)
 .debug_frame   0x00000504       0x28 c:/program files (x86)/atmel/studio/7.0/toolchain/arm/arm-gnu-toolchain/bin/../lib/gcc/arm-none-eabi/6.3.1/thumb/v6-m\libgcc.a(floatunsisf.o)
 .debug_frame   0x0000052c       0x2c c:/program files (x86)/atmel/studio/7.0/toolchain/arm/arm-gnu-toolchain/bin/../lib/gcc/arm-none-eabi/6.3.1/thumb/v6-m\libgcc.a(eqsf2.o)
 .debug_frame   0x00000558       0x30 c:/program files (x86)/atmel/studio/7.0/toolchain/arm/arm-gnu-toolchain/bin/../lib/gcc/arm-none-eabi/6.3.1/thumb/v6-m\libgcc.a(gesf2.o)
 .debug_frame   0x00000588       0x30 c:/program files (x86)/atmel/studio/7.0/toolchain/arm/arm-gnu-toolchain/bin/../lib/gcc/arm-none-eabi/6.3.1/thumb/v6-m\libgcc.a(lesf2.o)
 .debug_frame   0x000005b8       0x2c c:/program files (x86)/atmel/studio/7.0/toolchain/arm/arm-gnu-toolchain/bin/../lib/gcc/arm-none-eabi/6.3.1/../../../../arm-none-eabi/lib/thumb/v6-m\libc.a(lib_a-init.o)
 .debug_frame   0x000005e4       0x54 c:/program files (x86)/atmel/studio/7.0/toolchain/arm/arm-gnu-toolchain/bin/../lib/gcc/arm-none-eabi/6.3.1/../../../../arm-none-eabi/lib/thumb/v6-m\libc.a(lib_a-__call_atexit.o)
 .debug_frame   0x00000638       0x28 c:/program files (x86)/atmel/studio/7.0/toolchain/arm/arm-gnu-toolchain/bin/../lib/gcc/arm-none-eabi/6.3.1/../../../../arm-none-eabi/lib/thumb/v6-m\libc.a(lib_a-atexit.o)
 .debug_frame   0x00000660       0x2c c:/program files (x86)/atmel/studio/7.0/toolchain/arm/arm-gnu-toolchain/bin/../lib/gcc/arm-none-eabi/6.3.1/../../../../arm-none-eabi/lib/thumb/v6-m\libc.a(lib_a-fini.o)
 .debug_frame   0x0000068c       0xb0 c:/program files (x86)/atmel/studio/7.0/toolchain/arm/arm-gnu-toolchain/bin/../lib/gcc/arm-none-eabi/6.3.1/../../../../arm-none-eabi/lib/thumb/v6-m\libc.a(lib_a-lock.o)
 .debug_frame   0x0000073c       0x3c c:/program files (x86)/atmel/studio/7.0/toolchain/arm/arm-gnu-toolchain/bin/../lib/gcc/arm-none-eabi/6.3.1/../../../../arm-none-eabi/lib/thumb/v6-m\libc.a(lib_a-__atexit.o)
